src/components/Carousel.tsx(19,26): error TS2454: Variable 'containerRef' is used before being assigned.
src/components/Carousel.tsx(20,5): error TS2454: Variable 'containerRef' is used before being assigned.
src/components/Carousel.tsx(27,22): error TS2454: Variable 'containerRef' is used before being assigned.
src/components/Carousel.tsx(29,7): error TS2454: Variable 'containerRef' is used before being assigned.
src/components/Carousel.tsx(29,33): error TS2454: Variable 'containerRef' is used before being assigned.
src/components/Carousel.tsx(29,60): error TS2454: Variable 'containerRef' is used before being assigned.
src/components/Carousel.tsx(39,19): error TS2454: Variable 'containerRef' is used before being assigned.
src/components/Carousel.tsx(40,5): error TS2454: Variable 'containerRef' is used before being assigned.
src/components/Carousel.tsx(47,5): error TS2454: Variable 'containerRef' is used before being assigned.
src/components/Carousel.tsx(52,5): error TS2454: Variable 'containerRef' is used before being assigned.
src/components/Carousel.tsx(57,5): error TS2454: Variable 'containerRef' is used before being assigned.
src/features/Home/Hub.tsx(1,10): error TS6133: 'For' is declared but its value is never read.
src/lib/modules/networkMonitor.ts(6,11): error TS6196: 'NetworkEvent' is declared but never used.
src/lib/modules/streamOptimizer.ts(11,11): error TS6196: 'StreamConfig' is declared but never used.
src/lib/modules/streamOptimizer.ts(102,65): error TS6133: 'duration' is declared but its value is never read.
